// Jest Snapshot v1, https://goo.gl/fbAQLP

exports[`SponsoredOfferCard renders the component 1`] = `
<section>
  <h2>Ofertas Patrocinadas</h2>
  <div class="container-cards"></div>
</section>
`;
